k_kashyap@instance-1:~$ cd \
> ls
-bash: cd: ls: No such file or directory
k_kashyap@instance-1:~$ uname -a
Linux instance-1 5.15.0-1004-gcp #7-Ubuntu SMP Wed Apr 20 04:26:07 UTC 2022 x86_64 x86_64 x86_64 GNU/Linux
k_kashyap@instance-1:~$ touch test.txt
k_kashyap@instance-1:~$ ls -l
total 0
-rw-rw-r-- 1 k_kashyap k_kashyap 0 May 18 08:37 test.txt
k_kashyap@instance-1:~$ ^C
k_kashyap@instance-1:~$ 